[{"stream_name":"stderr","time":7.864122654,"data":"0.00s - Debugger warning: It seems that frozen modules are being used, which may\n"}
,{"stream_name":"stderr","time":7.864224181,"data":"0.00s - make the debugger miss breakpoints. Please pass -Xfrozen_modules=off\n"}
,{"stream_name":"stderr","time":7.864235616,"data":"0.00s - to python to disable frozen modules.\n"}
,{"stream_name":"stderr","time":7.864240359,"data":"0.00s - Note: Debugging will proceed. Set PYDEVD_DISABLE_FILE_VALIDATION=1 to disable this validation.\n"}
,{"stream_name":"stderr","time":8.519968332,"data":"0.00s - Debugger warning: It seems that frozen modules are being used, which may\n"}
,{"stream_name":"stderr","time":8.520014968,"data":"0.00s - make the debugger miss breakpoints. Please pass -Xfrozen_modules=off\n"}
,{"stream_name":"stderr","time":8.52002164,"data":"0.00s - to python to disable frozen modules.\n"}
,{"stream_name":"stderr","time":8.52002607,"data":"0.00s - Note: Debugging will proceed. Set PYDEVD_DISABLE_FILE_VALIDATION=1 to disable this validation.\n"}
,{"stream_name":"stdout","time":9.666352147,"data":"/kaggle/input | dirs: ['datasets'] | files: []\n"}
,{"stream_name":"stdout","time":9.66640051,"data":"/kaggle/input/datasets | dirs: ['bhishmbhandari'] | files: []\n"}
,{"stream_name":"stdout","time":9.666406589,"data":"/kaggle/input/datasets/bhishmbhandari | dirs: ['laya-nepali-v1'] | files: []\n"}
,{"stream_name":"stdout","time":9.737700433,"data":"Fri Sep 25 20:27:18 2026       \r\n"}
,{"stream_name":"stdout","time":9.737743782,"data":"+-----------------------------------------------------------------------------------------+\r\n"}
,{"stream_name":"stdout","time":9.737747793,"data":"| NVIDIA-SMI 580.159.04             Driver Version: 580.159.04     CUDA Version: 13.0     |\r\n"}
,{"stream_name":"stdout","time":9.737750731,"data":"+-----------------------------------------+------------------------+----------------------+\r\n"}
,{"stream_name":"stdout","time":9.737754312,"data":"| GPU  Name                 Persistence-M | Bus-Id          Disp.A | Volatile Uncorr. ECC |\r\n"}
,{"stream_name":"stdout","time":9.737757161,"data":"| Fan  Temp   Perf          Pwr:Usage/Cap |           Memory-Usage | GPU-Util  Compute M. |\r\n"}
,{"stream_name":"stdout","time":9.7377598,"data":"|                                         |                        |               MIG M. |\r\n"}
,{"stream_name":"stdout","time":9.737762551,"data":"|=========================================+========================+======================|\r\n"}
,{"stream_name":"stdout","time":9.788621885,"data":"|   0  Tesla T4                       Off |   00000000:00:04.0 Off |                    0 |\r\n"}
,{"stream_name":"stdout","time":9.788653245,"data":"| N/A   47C    P8             10W /   70W |       0MiB /  15360MiB |      0%      Default |\r\n"}
,{"stream_name":"stdout","time":9.788658827,"data":"|                                         |                        |                  N/A |\r\n"}
,{"stream_name":"stdout","time":9.788664568,"data":"+-----------------------------------------+------------------------+----------------------+\r\n"}
,{"stream_name":"stdout","time":9.788669997,"data":"|   1  Tesla T4                       Off |   00000000:00:05.0 Off |                    0 |\r\n"}
,{"stream_name":"stdout","time":9.788675673,"data":"| N/A   45C    P8              9W /   70W |       0MiB /  15360MiB |      0%      Default |\r\n"}
,{"stream_name":"stdout","time":9.788681328,"data":"|                                         |                        |                  N/A |\r\n"}
,{"stream_name":"stdout","time":9.788686982,"data":"+-----------------------------------------+------------------------+----------------------+\r\n"}
,{"stream_name":"stdout","time":9.788713348,"data":"\r\n"}
,{"stream_name":"stdout","time":9.788718336,"data":"+-----------------------------------------------------------------------------------------+\r\n"}
,{"stream_name":"stdout","time":9.788722756,"data":"| Processes:                                                                              |\r\n"}
,{"stream_name":"stdout","time":9.788728624,"data":"|  GPU   GI   CI              PID   Type   Process name                        GPU Memory |\r\n"}
,{"stream_name":"stdout","time":9.788734593000001,"data":"|        ID   ID                                                               Usage      |\r\n"}
,{"stream_name":"stdout","time":9.788739993,"data":"|=========================================================================================|\r\n"}
,{"stream_name":"stdout","time":9.788745639,"data":"|  No running processes found                                                             |\r\n"}
,{"stream_name":"stdout","time":9.788751352,"data":"+-----------------------------------------------------------------------------------------+\r\n"}
,{"stream_name":"stdout","time":15.225337434,"data":"CUDA available: True | visible GPUs: 2\n"}
,{"stream_name":"stdout","time":15.225395554,"data":"  GPU 0: Tesla T4 (15.6 GB)\n"}
,{"stream_name":"stdout","time":15.225403909,"data":"  GPU 1: Tesla T4 (15.6 GB)\n"}
,{"stream_name":"stdout","time":17.741267494,"data":"\u001b[?25l     \u001b[90m━━━━━━━━━━━━━━━━━━━━━━━━━━━━━━━━━━━━━━━━\u001b[0m \u001b[32m0.0/58.6 kB\u001b[0m \u001b[31m?\u001b[0m eta \u001b[36m-:--:--\u001b[0m\r\u001b[2K     \u001b[90m━━━━━━━━━━━━━━━━━━━━━━━━━━━━━━━━━━━━━━━━\u001b[0m \u001b[32m58.6/58.6 kB\u001b[0m \u001b[31m2.4 MB/s\u001b[0m eta \u001b[36m0:00:00\u001b[0m\r\n"}
,{"stream_name":"stdout","time":19.313712471,"data":"\u001b[?25h\u001b[?25l     \u001b[90m━━━━━━━━━━━━━━━━━━━━━━━━━━━━━━━━━━━━━━━━\u001b[0m \u001b[32m0.0/79.5 kB\u001b[0m \u001b[31m?\u001b[0m eta \u001b[36m-:--:--\u001b[0m\r\u001b[2K     \u001b[90m━━━━━━━━━━━━━━━━━━━━━━━━━━━━━━━━━━━━━━━━\u001b[0m \u001b[32m79.5/79.5 kB\u001b[0m \u001b[31m2.8 MB/s\u001b[0m eta \u001b[36m0:00:00\u001b[0m\r\n"}
,{"stream_name":"stdout","time":19.771567243,"data":"\u001b[?25h\u001b[?25l     \u001b[90m━━━━━━━━━━━━━━━━━━━━━━━━━━━━━━━━━━━━━━━━\u001b[0m \u001b[32m0.0/62.4 kB\u001b[0m \u001b[31m?\u001b[0m eta \u001b[36m-:--:--\u001b[0m\r\u001b[2K     \u001b[90m━━━━━━━━━━━━━━━━━━━━━━━━━━━━━━━━━━━━━━━━\u001b[0m \u001b[32m62.4/62.4 kB\u001b[0m \u001b[31m2.8 MB/s\u001b[0m eta \u001b[36m0:00:00\u001b[0m\r\n"}
,{"stream_name":"stdout","time":19.974434568,"data":"\u001b[?25h\u001b[?25l     \u001b[90m━━━━━━━━━━━━━━━━━━━━━━━━━━━━━━━━━━━━━━━━\u001b[0m \u001b[32m0.0/40.8 kB\u001b[0m \u001b[31m?\u001b[0m eta \u001b[36m-:--:--\u001b[0m\r\u001b[2K     \u001b[90m━━━━━━━━━━━━━━━━━━━━━━━━━━━━━━━━━━━━━━━━\u001b[0m \u001b[32m40.8/40.8 kB\u001b[0m \u001b[31m1.8 MB/s\u001b[0m eta \u001b[36m0:00:00\u001b[0m\r\n"}
,{"stream_name":"stdout","time":21.244825957,"data":"\u001b[?25h\u001b[?25l   \u001b[90m━━━━━━━━━━━━━━━━━━━━━━━━━━━━━━━━━━━━━━━━\u001b[0m \u001b[32m0.0/118.5 kB\u001b[0m \u001b[31m?\u001b[0m eta \u001b[36m-:--:--\u001b[0m\r\u001b[2K   \u001b[90m━━━━━━━━━━━━━━━━━━━━━━━━━━━━━━━━━━━━━━━━\u001b[0m \u001b[32m118.5/118.5 kB\u001b[0m \u001b[31m4.5 MB/s\u001b[0m eta \u001b[36m0:00:00\u001b[0m\r\n"}
,{"stream_name":"stdout","time":21.398891069,"data":"\u001b[?25h\u001b[?25l   \u001b[90m━━━━━━━━━━━━━━━━━━━━━━━━━━━━━━━━━━━━━━━━\u001b[0m \u001b[32m0.0/12.3 MB\u001b[0m \u001b[31m?\u001b[0m eta \u001b[36m-:--:--\u001b[0m\r\u001b[2K   \u001b[91m━━━━━━━━━━━━━━━\u001b[0m\u001b[91m╸\u001b[0m\u001b[90m━━━━━━━━━━━━━━━━━━━━━━━━\u001b[0m \u001b[32m4.9/12.3 MB\u001b[0m \u001b[31m147.4 MB/s\u001b[0m eta \u001b[36m0:00:01\u001b[0m\r\u001b[2K   \u001b[91m━━━━━━━━━━━━━━━━━━━━━━━━━━━━━━\u001b[0m\u001b[90m╺\u001b[0m\u001b[90m━━━━━━━━━\u001b[0m \u001b[32m9.2/12.3 MB\u001b[0m \u001b[31m130.5 MB/s\u001b[0m eta \u001b[36m0:00:01\u001b[0m\r\u001b[2K   \u001b[91m━━━━━━━━━━━━━━━━━━━━━━━━━━━━━━━━━━━━━━━\u001b[0m\u001b[91m╸\u001b[0m \u001b[32m12.3/12.3 MB\u001b[0m \u001b[31m130.2 MB/s\u001b[0m eta \u001b[36m0:00:01\u001b[0m\r\u001b[2K   \u001b[91m━━━━━━━━━━━━━━━━━━━━━━━━━━━━━━━━━━━━━━━\u001b[0m\u001b[91m╸\u001b[0m \u001b[32m12.3/12.3 MB\u001b[0m \u001b[31m130.2 MB/s\u001b[0m eta \u001b[36m0:00:01\u001b[0m\r\u001b[2K   \u001b[90m━━━━━━━━━━━━━━━━━━━━━━━━━━━━━━━━━━━━━━━━\u001b[0m \u001b[32m12.3/12.3 MB\u001b[0m \u001b[31m72.5 MB/s\u001b[0m eta \u001b[36m0:00:00\u001b[0m\r\n"}
,{"stream_name":"stdout","time":21.449847223,"data":"\u001b[?25h\u001b[?25l   \u001b[90m━━━━━━━━━━━━━━━━━━━━━━━━━━━━━━━━━━━━━━━━\u001b[0m \u001b[32m0.0/559.1 kB\u001b[0m \u001b[31m?\u001b[0m eta \u001b[36m-:--:--\u001b[0m\r\u001b[2K   \u001b[90m━━━━━━━━━━━━━━━━━━━━━━━━━━━━━━━━━━━━━━━━\u001b[0m \u001b[32m559.1/559.1 kB\u001b[0m \u001b[31m24.4 MB/s\u001b[0m eta \u001b[36m0:00:00\u001b[0m\r\n"}
,{"stream_name":"stdout","time":21.449883685,"data":"\u001b[?25h\u001b[?25l   \u001b[90m━━━━━━━━━━━━━━━━━━━━━━━━━━━━━━━━━━━━━━━━\u001b[0m \u001b[32m0.0/516.0 kB\u001b[0m \u001b[31m?\u001b[0m eta \u001b[36m-:--:--\u001b[0m\r\u001b[2K   \u001b[90m━━━━━━━━━━━━━━━━━━━━━━━━━━━━━━━━━━━━━━━━\u001b[0m \u001b[32m516.0/516.0 kB\u001b[0m \u001b[31m22.6 MB/s\u001b[0m eta \u001b[36m0:00:00\u001b[0m\r\n"}
,{"stream_name":"stdout","time":21.5005474,"data":"\u001b[?25h\u001b[?25l   \u001b[90m━━━━━━━━━━━━━━━━━━━━━━━━━━━━━━━━━━━━━━━━\u001b[0m \u001b[32m0.0/846.4 kB\u001b[0m \u001b[31m?\u001b[0m eta \u001b[36m-:--:--\u001b[0m\r\u001b[2K   \u001b[90m━━━━━━━━━━━━━━━━━━━━━━━━━━━━━━━━━━━━━━━━\u001b[0m \u001b[32m846.4/846.4 kB\u001b[0m \u001b[31m34.1 MB/s\u001b[0m eta \u001b[36m0:00:00\u001b[0m\r\n"}
,{"stream_name":"stdout","time":22.010944115,"data":"\u001b[?25h\u001b[?25l   \u001b[90m━━━━━━━━━━━━━━━━━━━━━━━━━━━━━━━━━━━━━━━━\u001b[0m \u001b[32m0.0/50.1 MB\u001b[0m \u001b[31m?\u001b[0m eta \u001b[36m-:--:--\u001b[0m\r\u001b[2K   \u001b[91m━━━\u001b[0m\u001b[90m╺\u001b[0m\u001b[90m━━━━━━━━━━━━━━━━━━━━━━━━━━━━━━━━━━━━\u001b[0m \u001b[32m4.3/50.1 MB\u001b[0m \u001b[31m128.8 MB/s\u001b[0m eta \u001b[36m0:00:01\u001b[0m\r\u001b[2K   \u001b[91m━━━━━━━━\u001b[0m\u001b[91m╸\u001b[0m\u001b[90m━━━━━━━━━━━━━━━━━━━━━━━━━━━━━━━\u001b[0m \u001b[32m11.1/50.1 MB\u001b[0m \u001b[31m157.5 MB/s\u001b[0m eta \u001b[36m0:00:01\u001b[0m\r\u001b[2K   \u001b[91m━━━━━━━━━━━━━━\u001b[0m\u001b[90m╺\u001b[0m\u001b[90m━━━━━━━━━━━━━━━━━━━━━━━━━\u001b[0m \u001b[32m18.0/50.1 MB\u001b[0m \u001b[31m197.8 MB/s\u001b[0m eta \u001b[36m0:00:01\u001b[0m\r\u001b[2K   \u001b[91m━━━━━━━━━━━━━━━━━━━\u001b[0m\u001b[91m╸\u001b[0m\u001b[90m━━━━━━━━━━━━━━━━━━━━\u001b[0m \u001b[32m24.7/50.1 MB\u001b[0m \u001b[31m198.6 MB/s\u001b[0m eta \u001b[36m0:00:01\u001b[0m\r\u001b[2K   \u001b[91m━━━━━━━━━━━━━━━━━━━━━━━━\u001b[0m\u001b[91m╸\u001b[0m\u001b[90m━━━━━━━━━━━━━━━\u001b[0m \u001b[32m31.0/50.1 MB\u001b[0m \u001b[31m188.8 MB/s\u001b[0m eta \u001b[36m0:00:01\u001b[0m\r\u001b[2K   \u001b[91m━━━━━━━━━━━━━━━━━━━━━━━━━━━━━\u001b[0m\u001b[91m╸\u001b[0m\u001b[90m━━━━━━━━━━\u001b[0m \u001b[32m37.4/50.1 MB\u001b[0m \u001b[31m177.1 MB/s\u001b[0m eta \u001b[36m0:00:01\u001b[0m\r\u001b[2K   \u001b[91m━━━━━━━━━━━━━━━━━━━━━━━━━━━━━━━━━━━\u001b[0m\u001b[90m╺\u001b[0m\u001b[90m━━━━\u001b[0m \u001b[32m44.2/50.1 MB\u001b[0m \u001b[31m196.8 MB/s\u001b[0m eta \u001b[36m0:00:01\u001b[0m\r\u001b[2K   \u001b[91m━━━━━━━━━━━━━━━━━━━━━━━━━━━━━━━━━━━━━━━\u001b[0m\u001b[91m╸\u001b[0m \u001b[32m50.1/50.1 MB\u001b[0m \u001b[31m202.2 MB/s\u001b[0m eta \u001b[36m0:00:01\u001b[0m\r\u001b[2K   \u001b[91m━━━━━━━━━━━━━━━━━━━━━━━━━━━━━━━━━━━━━━━\u001b[0m\u001b[91m╸\u001b[0m \u001b[32m50.1/50.1 MB\u001b[0m \u001b[31m202.2 MB/s\u001b[0m eta \u001b[36m0:00:01\u001b[0m\r\u001b[2K   \u001b[91m━━━━━━━━━━━━━━━━━━━━━━━━━━━━━━━━━━━━━━━\u001b[0m\u001b[91m╸\u001b[0m \u001b[32m50.1/50.1 MB\u001b[0m \u001b[31m202.2 MB/s\u001b[0m eta \u001b[36m0:00:01\u001b[0m\r\u001b[2K   \u001b[91m━━━━━━━━━━━━━━━━━━━━━━━━━━━━━━━━━━━━━━━\u001b[0m\u001b[91m╸\u001b[0m \u001b[32m50.1/50.1 MB\u001b[0m \u001b[31m202.2 MB/s\u001b[0m eta \u001b[36m0:00:01\u001b[0m\r\u001b[2K   \u001b[91m━━━━━━━━━━━━━━━━━━━━━━━━━━━━━━━━━━━━━━━\u001b[0m\u001b[91m╸\u001b[0m \u001b[32m50.1/50.1 MB\u001b[0m \u001b[31m202.2 MB/s\u001b[0m eta \u001b[36m0:00:01\u001b[0m\r\u001b[2K   \u001b[91m━━━━━━━━━━━━━━━━━━━━━━━━━━━━━━━━━━━━━━━\u001b[0m\u001b[91m╸\u001b[0m \u001b[32m50.1/50.1 MB\u001b[0m \u001b[31m202.2 MB/s\u001b[0m eta \u001b[36m0:00:01\u001b[0m\r\u001b[2K   \u001b[91m━━━━━━━━━━━━━━━━━━━━━━━━━━━━━━━━━━━━━━━\u001b[0m\u001b[91m╸\u001b[0m \u001b[32m50.1/50.1 MB\u001b[0m \u001b[31m202.2 MB/s\u001b[0m eta \u001b[36m0:00:01\u001b[0m\r\u001b[2K   \u001b[90m━━━━━━━━━━━━━━━━━━━━━━━━━━━━━━━━━━━━━━━━\u001b[0m \u001b[32m50.1/50.1 MB\u001b[0m \u001b[31m36.9 MB/s\u001b[0m eta \u001b[36m0:00:00\u001b[0m\r\n"}
,{"stream_name":"stdout","time":22.164148188,"data":"\u001b[?25h\u001b[?25l   \u001b[90m━━━━━━━━━━━━━━━━━━━━━━━━━━━━━━━━━━━━━━━━\u001b[0m \u001b[32m0.0/10.8 MB\u001b[0m \u001b[31m?\u001b[0m eta \u001b[36m-:--:--\u001b[0m\r\u001b[2K   \u001b[91m━━━━━━━━━━━━━━━━━━━━━━━\u001b[0m\u001b[90m╺\u001b[0m\u001b[90m━━━━━━━━━━━━━━━━\u001b[0m \u001b[32m6.3/10.8 MB\u001b[0m \u001b[31m189.7 MB/s\u001b[0m eta \u001b[36m0:00:01\u001b[0m\r\u001b[2K   \u001b[91m━━━━━━━━━━━━━━━━━━━━━━━━━━━━━━━━━━━━━━━\u001b[0m\u001b[91m╸\u001b[0m \u001b[32m10.8/10.8 MB\u001b[0m \u001b[31m198.5 MB/s\u001b[0m eta \u001b[36m0:00:01\u001b[0m\r\u001b[2K   \u001b[91m━━━━━━━━━━━━━━━━━━━━━━━━━━━━━━━━━━━━━━━\u001b[0m\u001b[91m╸\u001b[0m \u001b[32m10.8/10.8 MB\u001b[0m \u001b[31m198.5 MB/s\u001b[0m eta \u001b[36m0:00:01\u001b[0m\r\u001b[2K   \u001b[90m━━━━━━━━━━━━━━━━━━━━━━━━━━━━━━━━━━━━━━━━\u001b[0m \u001b[32m10.8/10.8 MB\u001b[0m \u001b[31m93.7 MB/s\u001b[0m eta \u001b[36m0:00:00\u001b[0m\r\n"}
,{"stream_name":"stdout","time":22.470213697,"data":"\u001b[?25h\u001b[?25l   \u001b[90m━━━━━━━━━━━━━━━━━━━━━━━━━━━━━━━━━━━━━━━━\u001b[0m \u001b[32m0.0/35.3 MB\u001b[0m \u001b[31m?\u001b[0m eta \u001b[36m-:--:--\u001b[0m\r\u001b[2K   \u001b[91m━━━━━━━━\u001b[0m\u001b[90m╺\u001b[0m\u001b[90m━━━━━━━━━━━━━━━━━━━━━━━━━━━━━━━\u001b[0m \u001b[32m7.1/35.3 MB\u001b[0m \u001b[31m213.2 MB/s\u001b[0m eta \u001b[36m0:00:01\u001b[0m\r\u001b[2K   \u001b[91m━━━━━━━━━━━━━━━\u001b[0m\u001b[91m╸\u001b[0m\u001b[90m━━━━━━━━━━━━━━━━━━━━━━━━\u001b[0m \u001b[32m13.9/35.3 MB\u001b[0m \u001b[31m200.0 MB/s\u001b[0m eta \u001b[36m0:00:01\u001b[0m\r\u001b[2K   \u001b[91m━━━━━━━━━━━━━━━━━━━━━━━\u001b[0m\u001b[90m╺\u001b[0m\u001b[90m━━━━━━━━━━━━━━━━\u001b[0m \u001b[32m20.6/35.3 MB\u001b[0m \u001b[31m197.1 MB/s\u001b[0m eta \u001b[36m0:00:01\u001b[0m\r\u001b[2K   \u001b[91m━━━━━━━━━━━━━━━━━━━━━━━━━━━━━━━\u001b[0m\u001b[90m╺\u001b[0m\u001b[90m━━━━━━━━\u001b[0m \u001b[32m27.7/35.3 MB\u001b[0m \u001b[31m199.0 MB/s\u001b[0m eta \u001b[36m0:00:01\u001b[0m\r\u001b[2K   \u001b[91m━━━━━━━━━━━━━━━━━━━━━━━━━━━━━━━━━━━━━━\u001b[0m\u001b[91m╸\u001b[0m\u001b[90m━\u001b[0m \u001b[32m34.0/35.3 MB\u001b[0m \u001b[31m189.9 MB/s\u001b[0m eta \u001b[36m0:00:01\u001b[0m\r\u001b[2K   \u001b[91m━━━━━━━━━━━━━━━━━━━━━━━━━━━━━━━━━━━━━━━\u001b[0m\u001b[91m╸\u001b[0m \u001b[32m35.3/35.3 MB\u001b[0m \u001b[31m185.7 MB/s\u001b[0m eta \u001b[36m0:00:01\u001b[0m\r\u001b[2K   \u001b[91m━━━━━━━━━━━━━━━━━━━━━━━━━━━━━━━━━━━━━━━\u001b[0m\u001b[91m╸\u001b[0m \u001b[32m35.3/35.3 MB\u001b[0m \u001b[31m185.7 MB/s\u001b[0m eta \u001b[36m0:00:01\u001b[0m\r\u001b[2K   \u001b[91m━━━━━━━━━━━━━━━━━━━━━━━━━━━━━━━━━━━━━━━\u001b[0m\u001b[91m╸\u001b[0m \u001b[32m35.3/35.3 MB\u001b[0m \u001b[31m185.7 MB/s\u001b[0m eta \u001b[36m0:00:01\u001b[0m\r\u001b[2K   \u001b[91m━━━━━━━━━━━━━━━━━━━━━━━━━━━━━━━━━━━━━━━\u001b[0m\u001b[91m╸\u001b[0m \u001b[32m35.3/35.3 MB\u001b[0m \u001b[31m185.7 MB/s\u001b[0m eta \u001b[36m0:00:01\u001b[0m\r\u001b[2K   \u001b[90m━━━━━━━━━━━━━━━━━━━━━━━━━━━━━━━━━━━━━━━━\u001b[0m \u001b[32m35.3/35.3 MB\u001b[0m \u001b[31m52.1 MB/s\u001b[0m eta \u001b[36m0:00:00\u001b[0m\r\n"}
,{"stream_name":"stdout","time":22.520957141,"data":"\u001b[?25h\u001b[?25l   \u001b[90m━━━━━━━━━━━━━━━━━━━━━━━━━━━━━━━━━━━━━━━━\u001b[0m \u001b[32m0.0/394.3 kB\u001b[0m \u001b[31m?\u001b[0m eta \u001b[36m-:--:--\u001b[0m\r\u001b[2K   \u001b[90m━━━━━━━━━━━━━━━━━━━━━━━━━━━━━━━━━━━━━━━━\u001b[0m \u001b[32m394.3/394.3 kB\u001b[0m \u001b[31m19.9 MB/s\u001b[0m eta \u001b[36m0:00:00\u001b[0m\r\n"}
,{"stream_name":"stdout","time":22.572161576,"data":"\u001b[?25h\u001b[?25l   \u001b[90m━━━━━━━━━━━━━━━━━━━━━━━━━━━━━━━━━━━━━━━━\u001b[0m \u001b[32m0.0/125.3 kB\u001b[0m \u001b[31m?\u001b[0m eta \u001b[36m-:--:--\u001b[0m\r\u001b[2K   \u001b[90m━━━━━━━━━━━━━━━━━━━━━━━━━━━━━━━━━━━━━━━━\u001b[0m \u001b[32m125.3/125.3 kB\u001b[0m \u001b[31m6.6 MB/s\u001b[0m eta \u001b[36m0:00:00\u001b[0m\r\n"}
,{"stream_name":"stdout","time":22.623337923,"data":"\u001b[?25h\u001b[?25l   \u001b[90m━━━━━━━━━━━━━━━━━━━━━━━━━━━━━━━━━━━━━━━━\u001b[0m \u001b[32m0.0/4.5 MB\u001b[0m \u001b[31m?\u001b[0m eta \u001b[36m-:--:--\u001b[0m\r\u001b[2K   \u001b[91m━━━━━━━━━━━━━━━━━━━━━━━━━━━━━━━━━━━━━━━\u001b[0m\u001b[91m╸\u001b[0m \u001b[32m4.5/4.5 MB\u001b[0m \u001b[31m234.2 MB/s\u001b[0m eta \u001b[36m0:00:01\u001b[0m\r\u001b[2K   \u001b[90m━━━━━━━━━━━━━━━━━━━━━━━━━━━━━━━━━━━━━━━━\u001b[0m \u001b[32m4.5/4.5 MB\u001b[0m \u001b[31m92.7 MB/s\u001b[0m eta \u001b[36m0:00:00\u001b[0m\r\n"}
,{"stream_name":"stdout","time":22.674496911,"data":"\u001b[?25h\u001b[?25l   \u001b[90m━━━━━━━━━━━━━━━━━━━━━━━━━━━━━━━━━━━━━━━━\u001b[0m \u001b[32m0.0/3.4 MB\u001b[0m \u001b[31m?\u001b[0m eta \u001b[36m-:--:--\u001b[0m\r\u001b[2K   \u001b[91m━━━━━━━━━━━━━━━━━━━━━━━━━━━━━━━━━━━━━━━\u001b[0m\u001b[91m╸\u001b[0m \u001b[32m3.4/3.4 MB\u001b[0m \u001b[31m243.3 MB/s\u001b[0m eta \u001b[36m0:00:01\u001b[0m\r\u001b[2K   \u001b[90m━━━━━━━━━━━━━━━━━━━━━━━━━━━━━━━━━━━━━━━━\u001b[0m \u001b[32m3.4/3.4 MB\u001b[0m \u001b[31m82.7 MB/s\u001b[0m eta \u001b[36m0:00:00\u001b[0m\r\n"}
,{"stream_name":"stdout","time":61.981744203,"data":"\u001b[?25h\u001b[31mERROR: pip's dependency resolver does not currently take into account all the packages that are installed. This behaviour is the source of the following dependency conflicts.\r\n"}
,{"stream_name":"stdout","time":61.981778417,"data":"bigframes 2.39.0 requires google-cloud-bigquery-storage\u003c3.0.0,\u003e=2.30.0, which is not installed.\r\n"}
,{"stream_name":"stdout","time":61.981784945,"data":"google-adk 1.29.0 requires google-cloud-bigquery-storage\u003e=2.0.0, which is not installed.\r\n"}
,{"stream_name":"stdout","time":61.981790627,"data":"ydata-profiling 4.18.4 requires pandas!=1.4.0,\u003c3.0,\u003e1.5, but you have pandas 3.0.6 which is incompatible.\r\n"}
,{"stream_name":"stdout","time":61.981796049,"data":"ydata-profiling 4.18.4 requires scipy\u003c1.17,\u003e=1.8, but you have scipy 1.18.1 which is incompatible.\r\n"}
,{"stream_name":"stdout","time":61.981801489,"data":"google-colab 1.0.0 requires jupyter-server==2.14.0, but you have jupyter-server 2.12.5 which is incompatible.\r\n"}
,{"stream_name":"stdout","time":61.981816772,"data":"google-colab 1.0.0 requires pandas==2.2.2, but you have pandas 3.0.6 which is incompatible.\r\n"}
,{"stream_name":"stdout","time":61.981820689,"data":"dopamine-rl 4.1.2 requires gym\u003c=0.25.2, but you have gym 0.26.2 which is incompatible.\r\n"}
,{"stream_name":"stdout","time":61.981824772,"data":"bqplot 0.12.45 requires pandas\u003c3.0.0,\u003e=1.0.0, but you have pandas 3.0.6 which is incompatible.\r\n"}
,{"stream_name":"stdout","time":61.981828897,"data":"cudf-cu12 26.2.1 requires pandas\u003c2.4.0,\u003e=2.0, but you have pandas 3.0.6 which is incompatible.\r\n"}
,{"stream_name":"stdout","time":61.981832867,"data":"dask-cudf-cu12 26.2.1 requires pandas\u003c2.4.0,\u003e=2.0, but you have pandas 3.0.6 which is incompatible.\r\n"}
,{"stream_name":"stdout","time":61.981836596,"data":"db-dtypes 1.5.1 requires pandas\u003c3.0.0,\u003e=1.5.3, but you have pandas 3.0.6 which is incompatible.\r\n"}
,{"stream_name":"stdout","time":61.981840456,"data":"gradio 5.50.0 requires pandas\u003c3.0,\u003e=1.0, but you have pandas 3.0.6 which is incompatible.\u001b[0m\u001b[31m\r\n"}
,{"stream_name":"stdout","time":75.744697941,"data":"\u001b[0mlaya 0.3.20 | transformers 5.17.0 | torch 2.10.0+cu128\n"}
,{"stream_name":"stdout","time":83.72312076,"data":"DATA_DIR: /kaggle/input/datasets/bhishmbhandari/laya-nepali-v1\n"}
,{"stream_name":"stderr","time":83.7834317,"data":"Warning: You are sending unauthenticated requests to the HF Hub. Please set a HF_TOKEN to enable higher rate limits and faster downloads.\n"}
,{"stream_name":"stderr","time":83.783462748,"data":"\n"}
,{"stream_name":"stderr","time":83.783469025,"data":"Warning: You are sending unauthenticated requests to the HF Hub. Please set a HF_TOKEN to enable higher rate limits and faster downloads.\n"}
,{"stream_name":"stdout","time":104.183806879,"data":"snapshot: /root/.cache/huggingface/hub/models--convaiinnovations--laya/snapshots/55cf4c4ebb4ebe31b2550e8bdf3bd21b99753851\n"}
,{"stream_name":"stdout","time":104.183843992,"data":"config  : {'max_len': 1024, 'head_max_len': 256, 'temperature': [1.0, 1.0, 1.0], 'model_name': 'rl-agent'}\n"}
,{"stream_name":"stdout","time":104.431070589,"data":"train rows 400 | calibration rows 170\n"}
,{"stream_name":"stdout","time":107.067399431,"data":"train items 2000 | calibration items 850\n"}
,{"stream_name":"stdout","time":107.188228773,"data":"Writing /kaggle/working/train_ddp.py\n"}
,{"stream_name":"stdout","time":107.31275467,"data":"executing: torchrun --standalone --nproc_per_node=2 /kaggle/working/train_ddp.py /root/.cache/huggingface/hub/models--convaiinnovations--laya/snapshots/55cf4c4ebb4ebe31b2550e8bdf3bd21b99753851/multilingual /kaggle/working/laya_nepali\n"}
,{"stream_name":"stdout","time":109.50174111,"data":"W0925 20:28:58.675000 138 torch/distributed/run.py:852] \r\n"}
,{"stream_name":"stdout","time":109.501776512,"data":"W0925 20:28:58.675000 138 torch/distributed/run.py:852] *****************************************\r\n"}
,{"stream_name":"stdout","time":109.501783217,"data":"W0925 20:28:58.675000 138 torch/distributed/run.py:852] Setting OMP_NUM_THREADS environment variable for each process to be 1 in default, to avoid your system being overloaded, please further tune the variable for optimal performance in your application as needed. \r\n"}
,{"stream_name":"stdout","time":109.501792399,"data":"W0925 20:28:58.675000 138 torch/distributed/run.py:852] *****************************************\r\n"}
,{"stream_name":"stdout","time":109.8565608,"data":"[W925 20:28:59.320516778 socket.cpp:207] [c10d] The hostname of the client socket cannot be retrieved. err=-3\r\n"}
,{"stream_name":"stdout","time":118.689097732,"data":"[W925 20:29:07.163303000 socket.cpp:207] [c10d] The hostname of the client socket cannot be retrieved. err=-3\r\n"}
,{"stream_name":"stdout","time":118.841530555,"data":"[W925 20:29:07.273078269 socket.cpp:207] [c10d] The hostname of the client socket cannot be retrieved. err=-3\r\n"}
,{"stream_name":"stdout","time":133.627524785,"data":"train items 2000 | calibration 850 | per rank 1000\r\n"}
,{"stream_name":"stdout","time":134.594467652,"data":"[rank1]:[W925 20:29:23.027033176 reducer.cpp:1500] Warning: find_unused_parameters=True was specified in DDP constructor, but did not find any unused parameters in the forward pass. This flag results in an extra traversal of the autograd graph every iteration,  which can adversely affect performance. If your model indeed never has any unused parameters in the forward pass, consider turning this flag off. Note that this warning may be a false positive if your model has flow control causing later iterations to have unused parameters. (function operator())\r\n"}
,{"stream_name":"stdout","time":134.594521968,"data":"[rank0]:[W925 20:29:23.027037279 reducer.cpp:1500] Warning: find_unused_parameters=True was specified in DDP constructor, but did not find any unused parameters in the forward pass. This flag results in an extra traversal of the autograd graph every iteration,  which can adversely affect performance. If your model indeed never has any unused parameters in the forward pass, consider turning this flag off. Note that this warning may be a false positive if your model has flow control causing later iterations to have unused parameters. (function operator())\r\n"}
,{"stream_name":"stdout","time":137.545894791,"data":"/kaggle/working/train_ddp.py:163: UserWarning: Detected call of `lr_scheduler.step()` before `optimizer.step()`. In PyTorch 1.1.0 and later, you should call them in the opposite order: `optimizer.step()` before `lr_scheduler.step()`.  Failure to do this will result in PyTorch skipping the first value of the learning rate schedule. See more details at https://pytorch.org/docs/stable/optim.html#how-to-adjust-learning-rate\r\n"}
,{"stream_name":"stdout","time":137.545938879,"data":"  scheduler.step()\r\n"}
,{"stream_name":"stdout","time":137.545989942,"data":"/kaggle/working/train_ddp.py:163: UserWarning: Detected call of `lr_scheduler.step()` before `optimizer.step()`. In PyTorch 1.1.0 and later, you should call them in the opposite order: `optimizer.step()` before `lr_scheduler.step()`.  Failure to do this will result in PyTorch skipping the first value of the learning rate schedule. See more details at https://pytorch.org/docs/stable/optim.html#how-to-adjust-learning-rate\r\n"}
,{"stream_name":"stdout","time":137.545999071,"data":"  scheduler.step()\r\n"}
,{"stream_name":"stdout","time":169.375956525,"data":"  epoch 1/4 step 50 loss 0.0997 reward -0.131\r\n"}
,{"stream_name":"stdout","time":205.191822066,"data":"  epoch 1/4 step 100 loss 0.7280 reward -0.446\r\n"}
,{"stream_name":"stdout","time":223.466402322,"data":"=== epoch 1/4 done in 89.8s | avg loss 1.1781 ===\r\n"}
,{"stream_name":"stdout","time":223.466459493,"data":"/usr/local/lib/python3.12/dist-packages/torch/distributed/c10d_logger.py:83: UserWarning: barrier(): using the device under current context. You can specify `device_id` in `init_process_group` to mute this warning.\r\n"}
,{"stream_name":"stdout","time":223.46646821,"data":"  return func(*args, **kwargs)\r\n"}
,{"stream_name":"stdout","time":224.990343494,"data":"  saved rolling checkpoint (epoch 1)\r\n"}
,{"stream_name":"stdout","time":261.579631566,"data":"  epoch 2/4 step 50 loss 0.2569 reward 0.090\r\n"}
,{"stream_name":"stdout","time":297.76090908,"data":"  epoch 2/4 step 100 loss 0.5819 reward 0.302\r\n"}
,{"stream_name":"stdout","time":316.303118098,"data":"=== epoch 2/4 done in 182.6s | avg loss 0.3292 ===\r\n"}
,{"stream_name":"stdout","time":318.331464119,"data":"  saved rolling checkpoint (epoch 2)\r\n"}
,{"stream_name":"stdout","time":354.991509432,"data":"  epoch 3/4 step 50 loss 0.2015 reward 0.309\r\n"}
,{"stream_name":"stdout","time":391.686752183,"data":"  epoch 3/4 step 100 loss 1.3187 reward 0.319\r\n"}
,{"stream_name":"stdout","time":409.917697097,"data":"=== epoch 3/4 done in 276.3s | avg loss 0.2276 ===\r\n"}
,{"stream_name":"stdout","time":411.899720025,"data":"  saved rolling checkpoint (epoch 3)\r\n"}
,{"stream_name":"stdout","time":448.514335605,"data":"  epoch 4/4 step 50 loss 0.3664 reward 0.404\r\n"}
,{"stream_name":"stdout","time":485.024911094,"data":"  epoch 4/4 step 100 loss -0.0793 reward 0.353\r\n"}
,{"stream_name":"stdout","time":503.458059517,"data":"=== epoch 4/4 done in 369.8s | avg loss 0.2718 ===\r\n"}
,{"stream_name":"stdout","time":505.337051596,"data":"  saved rolling checkpoint (epoch 4)\r\n"}
,{"stream_name":"stdout","time":505.388555377,"data":"\r\n"}
,{"stream_name":"stdout","time":505.388598349,"data":"fitting calibration temperatures on the held-out split...\r\n"}
,{"stream_name":"stdout","time":519.051624119,"data":"fitted temperatures (choice, score, noul): [1.139, 1.2, 1.112]\r\n"}
,{"stream_name":"stdout","time":520.418232075,"data":"model saved to /kaggle/working/laya_nepali\r\n"}
,{"stream_name":"stdout","time":539.047450258,"data":"benchmark v2: 170/272 (62.5%)\n"}
,{"stream_name":"stdout","time":539.047517134,"data":"abstain: 77/92 | safety false commands: 15\n"}
,{"stream_name":"stdout","time":539.047525942,"data":"latency p50 30.6 ms | p95 32.4 ms\n"}
,{"stream_name":"stdout","time":539.047532213,"data":"ECE (answered): 0.0955\n"}
,{"stream_name":"stdout","time":539.047538598,"data":"  abstain                       77/92  fp 15\n"}
,{"stream_name":"stdout","time":539.047543852,"data":"  discovery.query               20/36  fp 0\n"}
,{"stream_name":"stdout","time":539.047548926,"data":"  discovery.recommend            5/12  fp 0\n"}
,{"stream_name":"stdout","time":539.047555063,"data":"  discovery.show_menu            1/12  fp 4\n"}
,{"stream_name":"stdout","time":539.047560462,"data":"  fulfillment.ask_delivery       1/12  fp 1\n"}
,{"stream_name":"stdout","time":539.04756616,"data":"  fulfillment.ask_hours          9/12  fp 0\n"}
,{"stream_name":"stdout","time":539.047571743,"data":"  fulfillment.order_status      12/12  fp 0\n"}
,{"stream_name":"stdout","time":539.047576882,"data":"  ordering.repeat_order          8/12  fp 1\n"}
,{"stream_name":"stdout","time":539.047582016,"data":"  ordering.request_checkout      6/12  fp 3\n"}
,{"stream_name":"stdout","time":539.047587228,"data":"  ordering.use_saved_address     6/12  fp 0\n"}
,{"stream_name":"stdout","time":539.047592507,"data":"  ordering.view_cart             1/12  fp 6\n"}
,{"stream_name":"stdout","time":539.04759767,"data":"  social.goodbye                 7/12  fp 1\n"}
,{"stream_name":"stdout","time":539.047603748,"data":"  social.greet                   9/12  fp 3\n"}
,{"stream_name":"stdout","time":539.047609048,"data":"  social.thanks                  8/12  fp 0\n"}
,{"stream_name":"stderr","time":542.278731786,"data":"Traceback (most recent call last):\n"}
,{"stream_name":"stderr","time":542.278800072,"data":"  File \"\u003cstring\u003e\", line 1, in \u003cmodule\u003e\n"}
,{"stream_name":"stderr","time":542.278808395,"data":"  File \"/usr/local/lib/python3.12/dist-packages/papermill/execute.py\", line 131, in execute_notebook\n"}
,{"stream_name":"stderr","time":542.278868325,"data":"    raise_for_execution_errors(nb, output_path)\n"}
,{"stream_name":"stderr","time":542.278971799,"data":"  File \"/usr/local/lib/python3.12/dist-packages/papermill/execute.py\", line 251, in raise_for_execution_errors\n"}
,{"stream_name":"stderr","time":542.279095931,"data":"    raise error\n"}
,{"stream_name":"stderr","time":542.279177307,"data":"papermill.exceptions.PapermillExecutionError: \n"}
,{"stream_name":"stderr","time":542.279204214,"data":"---------------------------------------------------------------------------\n"}
,{"stream_name":"stderr","time":542.279213552,"data":"Exception encountered at \"In [8]\":\n"}
,{"stream_name":"stderr","time":542.279217594,"data":"---------------------------------------------------------------------------\n"}
,{"stream_name":"stderr","time":542.279221237,"data":"RuntimeError                              Traceback (most recent call last)\n"}
,{"stream_name":"stderr","time":542.279224607,"data":"/tmp/ipykernel_23/1476318825.py in \u003ccell line: 0\u003e()\n"}
,{"stream_name":"stderr","time":542.279228392,"data":"      7     token = None\n"}
,{"stream_name":"stderr","time":542.27923161,"data":"      8 if not token:\n"}
,{"stream_name":"stderr","time":542.279235031,"data":"----\u003e 9     raise RuntimeError(\"Add HF_TOKEN in Kaggle Add-ons -\u003e Secrets before publishing.\")\n"}
,{"stream_name":"stderr","time":542.279238532,"data":"     10 \n"}
,{"stream_name":"stderr","time":542.279241616,"data":"     11 NEW_REPO = \"DontHash/laya-nepali-v1\"\n"}
,{"stream_name":"stderr","time":542.279245296,"data":"\n"}
,{"stream_name":"stderr","time":542.279249202,"data":"RuntimeError: Add HF_TOKEN in Kaggle Add-ons -\u003e Secrets before publishing.\n"}
,{"stream_name":"stderr","time":542.279253087,"data":"\n"}
,{"stream_name":"stderr","time":544.530571709,"data":"/usr/local/lib/python3.12/dist-packages/mistune.py:435: SyntaxWarning: invalid escape sequence '\\|'\n"}
,{"stream_name":"stderr","time":544.530614784,"data":"  cells[i][c] = re.sub('\\\\\\\\\\|', '|', cell)\n"}
,{"stream_name":"stderr","time":544.697699939,"data":"/usr/local/lib/python3.12/dist-packages/nbconvert/filters/filter_links.py:36: SyntaxWarning: invalid escape sequence '\\_'\n"}
,{"stream_name":"stderr","time":544.697731758,"data":"  text = re.sub(r'_', '\\_', text) # Escape underscores in display text\n"}
,{"stream_name":"stderr","time":545.369015738,"data":"[NbConvertApp] Converting notebook __notebook__.ipynb to notebook\n"}
,{"stream_name":"stderr","time":545.724005867,"data":"[NbConvertApp] Writing 83590 bytes to __notebook__.ipynb\n"}
,{"stream_name":"stderr","time":548.299648204,"data":"[NbConvertApp] Converting notebook __notebook__.ipynb to html\n"}
,{"stream_name":"stderr","time":549.256547041,"data":"[NbConvertApp] Writing 436094 bytes to __results__.html\n"}
]