[{"stream_name":"stderr","time":13.188385863,"data":"0.00s - Debugger warning: It seems that frozen modules are being used, which may\n"}
,{"stream_name":"stderr","time":13.188485647,"data":"0.00s - make the debugger miss breakpoints. Please pass -Xfrozen_modules=off\n"}
,{"stream_name":"stderr","time":13.188492984,"data":"0.00s - to python to disable frozen modules.\n"}
,{"stream_name":"stderr","time":13.188497726,"data":"0.00s - Note: Debugging will proceed. Set PYDEVD_DISABLE_FILE_VALIDATION=1 to disable this validation.\n"}
,{"stream_name":"stderr","time":14.017494266,"data":"0.00s - Debugger warning: It seems that frozen modules are being used, which may\n"}
,{"stream_name":"stderr","time":14.017527174,"data":"0.00s - make the debugger miss breakpoints. Please pass -Xfrozen_modules=off\n"}
,{"stream_name":"stderr","time":14.017533143,"data":"0.00s - to python to disable frozen modules.\n"}
,{"stream_name":"stderr","time":14.017543172,"data":"0.00s - Note: Debugging will proceed. Set PYDEVD_DISABLE_FILE_VALIDATION=1 to disable this validation.\n"}
,{"stream_name":"stdout","time":15.560795039,"data":"Fri Sep 25 20:39:20 2026       \r\n"}
,{"stream_name":"stdout","time":15.560866902,"data":"+-----------------------------------------------------------------------------------------+\r\n"}
,{"stream_name":"stdout","time":15.5608736,"data":"| NVIDIA-SMI 580.159.04             Driver Version: 580.159.04     CUDA Version: 13.0     |\r\n"}
,{"stream_name":"stdout","time":15.56087768,"data":"+-----------------------------------------+------------------------+----------------------+\r\n"}
,{"stream_name":"stdout","time":15.56088173,"data":"| GPU  Name                 Persistence-M | Bus-Id          Disp.A | Volatile Uncorr. ECC |\r\n"}
,{"stream_name":"stdout","time":15.560885402,"data":"| Fan  Temp   Perf          Pwr:Usage/Cap |           Memory-Usage | GPU-Util  Compute M. |\r\n"}
,{"stream_name":"stdout","time":15.560888981,"data":"|                                         |                        |               MIG M. |\r\n"}
,{"stream_name":"stdout","time":15.560892692,"data":"|=========================================+========================+======================|\r\n"}
,{"stream_name":"stdout","time":15.662889322,"data":"|   0  Tesla T4                       Off |   00000000:00:04.0 Off |                    0 |\r\n"}
,{"stream_name":"stdout","time":15.662924825,"data":"| N/A   39C    P8             12W /   70W |       0MiB /  15360MiB |      0%      Default |\r\n"}
,{"stream_name":"stdout","time":15.662931269,"data":"|                                         |                        |                  N/A |\r\n"}
,{"stream_name":"stdout","time":15.66293662,"data":"+-----------------------------------------+------------------------+----------------------+\r\n"}
,{"stream_name":"stdout","time":15.662942102,"data":"|   1  Tesla T4                       Off |   00000000:00:05.0 Off |                    0 |\r\n"}
,{"stream_name":"stdout","time":15.662947578,"data":"| N/A   38C    P8             11W /   70W |       0MiB /  15360MiB |      0%      Default |\r\n"}
,{"stream_name":"stdout","time":15.662970717,"data":"|                                         |                        |                  N/A |\r\n"}
,{"stream_name":"stdout","time":15.662976197999999,"data":"+-----------------------------------------+------------------------+----------------------+\r\n"}
,{"stream_name":"stdout","time":15.662981388,"data":"\r\n"}
,{"stream_name":"stdout","time":15.6629853,"data":"+-----------------------------------------------------------------------------------------+\r\n"}
,{"stream_name":"stdout","time":15.662990593,"data":"| Processes:                                                                              |\r\n"}
,{"stream_name":"stdout","time":15.663009041,"data":"|  GPU   GI   CI              PID   Type   Process name                        GPU Memory |\r\n"}
,{"stream_name":"stdout","time":15.663014453,"data":"|        ID   ID                                                               Usage      |\r\n"}
,{"stream_name":"stdout","time":15.663019673,"data":"|=========================================================================================|\r\n"}
,{"stream_name":"stdout","time":15.663025138,"data":"|  No running processes found                                                             |\r\n"}
,{"stream_name":"stdout","time":15.66303067,"data":"+-----------------------------------------------------------------------------------------+\r\n"}
,{"stream_name":"stdout","time":24.305513639,"data":"CUDA available: True | visible GPUs: 2\n"}
,{"stream_name":"stdout","time":24.30555361,"data":"  GPU 0: Tesla T4 (15.6 GB)\n"}
,{"stream_name":"stdout","time":24.305561323,"data":"  GPU 1: Tesla T4 (15.6 GB)\n"}
,{"stream_name":"stdout","time":28.078378488,"data":"\u001b[?25l     \u001b[90m━━━━━━━━━━━━━━━━━━━━━━━━━━━━━━━━━━━━━━━━\u001b[0m \u001b[32m0.0/58.6 kB\u001b[0m \u001b[31m?\u001b[0m eta \u001b[36m-:--:--\u001b[0m\r\u001b[2K     \u001b[91m━━━━━━━━━━━━━━━━━━━━━━━━━━━━━━━━━━\u001b[0m\u001b[91m╸\u001b[0m\u001b[90m━━━━━\u001b[0m \u001b[32m51.2/58.6 kB\u001b[0m \u001b[31m1.8 MB/s\u001b[0m eta \u001b[36m0:00:01\u001b[0m\r\u001b[2K     \u001b[90m━━━━━━━━━━━━━━━━━━━━━━━━━━━━━━━━━━━━━━━━\u001b[0m \u001b[32m58.6/58.6 kB\u001b[0m \u001b[31m1.1 MB/s\u001b[0m eta \u001b[36m0:00:00\u001b[0m\r\n"}
,{"stream_name":"stdout","time":29.903188443,"data":"\u001b[?25h\u001b[?25l     \u001b[90m━━━━━━━━━━━━━━━━━━━━━━━━━━━━━━━━━━━━━━━━\u001b[0m \u001b[32m0.0/79.5 kB\u001b[0m \u001b[31m?\u001b[0m eta \u001b[36m-:--:--\u001b[0m\r\u001b[2K     \u001b[91m━━━━━━━━━━━━━━━━━━━━━━━━━━━━━━━━━━━━\u001b[0m\u001b[90m╺\u001b[0m\u001b[90m━━━\u001b[0m \u001b[32m71.7/79.5 kB\u001b[0m \u001b[31m9.7 MB/s\u001b[0m eta \u001b[36m0:00:01\u001b[0m\r\u001b[2K     \u001b[90m━━━━━━━━━━━━━━━━━━━━━━━━━━━━━━━━━━━━━━━━\u001b[0m \u001b[32m79.5/79.5 kB\u001b[0m \u001b[31m2.0 MB/s\u001b[0m eta \u001b[36m0:00:00\u001b[0m\r\n"}
,{"stream_name":"stdout","time":30.360150575,"data":"\u001b[?25h\u001b[?25l     \u001b[90m━━━━━━━━━━━━━━━━━━━━━━━━━━━━━━━━━━━━━━━━\u001b[0m \u001b[32m0.0/62.4 kB\u001b[0m \u001b[31m?\u001b[0m eta \u001b[36m-:--:--\u001b[0m\r\u001b[2K     \u001b[90m━━━━━━━━━━━━━━━━━━━━━━━━━━━━━━━━━━━━━━━━\u001b[0m \u001b[32m62.4/62.4 kB\u001b[0m \u001b[31m2.2 MB/s\u001b[0m eta \u001b[36m0:00:00\u001b[0m\r\n"}
,{"stream_name":"stdout","time":30.613154241,"data":"\u001b[?25h\u001b[?25l     \u001b[90m━━━━━━━━━━━━━━━━━━━━━━━━━━━━━━━━━━━━━━━━\u001b[0m \u001b[32m0.0/40.8 kB\u001b[0m \u001b[31m?\u001b[0m eta \u001b[36m-:--:--\u001b[0m\r\u001b[2K     \u001b[90m━━━━━━━━━━━━━━━━━━━━━━━━━━━━━━━━━━━━━━━━\u001b[0m \u001b[32m40.8/40.8 kB\u001b[0m \u001b[31m1.5 MB/s\u001b[0m eta \u001b[36m0:00:00\u001b[0m\r\n"}
,{"stream_name":"stdout","time":32.03259316,"data":"\u001b[?25h\u001b[?25l   \u001b[90m━━━━━━━━━━━━━━━━━━━━━━━━━━━━━━━━━━━━━━━━\u001b[0m \u001b[32m0.0/118.5 kB\u001b[0m \u001b[31m?\u001b[0m eta \u001b[36m-:--:--\u001b[0m\r\u001b[2K   \u001b[90m━━━━━━━━━━━━━━━━━━━━━━━━━━━━━━━━━━━━━━━━\u001b[0m \u001b[32m118.5/118.5 kB\u001b[0m \u001b[31m4.3 MB/s\u001b[0m eta \u001b[36m0:00:00\u001b[0m\r\n"}
,{"stream_name":"stdout","time":32.286702688,"data":"\u001b[?25h\u001b[?25l   \u001b[90m━━━━━━━━━━━━━━━━━━━━━━━━━━━━━━━━━━━━━━━━\u001b[0m \u001b[32m0.0/12.3 MB\u001b[0m \u001b[31m?\u001b[0m eta \u001b[36m-:--:--\u001b[0m\r\u001b[2K   \u001b[91m━\u001b[0m\u001b[91m╸\u001b[0m\u001b[90m━━━━━━━━━━━━━━━━━━━━━━━━━━━━━━━━━━━━━━\u001b[0m \u001b[32m0.6/12.3 MB\u001b[0m \u001b[31m16.7 MB/s\u001b[0m eta \u001b[36m0:00:01\u001b[0m\r\u001b[2K   \u001b[91m━━━━━\u001b[0m\u001b[91m╸\u001b[0m\u001b[90m━━━━━━━━━━━━━━━━━━━━━━━━━━━━━━━━━━\u001b[0m \u001b[32m1.7/12.3 MB\u001b[0m \u001b[31m26.8 MB/s\u001b[0m eta \u001b[36m0:00:01\u001b[0m\r\u001b[2K   \u001b[91m━━━━━━━━━━━━━━━━\u001b[0m\u001b[90m╺\u001b[0m\u001b[90m━━━━━━━━━━━━━━━━━━━━━━━\u001b[0m \u001b[32m5.0/12.3 MB\u001b[0m \u001b[31m48.2 MB/s\u001b[0m eta \u001b[36m0:00:01\u001b[0m\r\u001b[2K   \u001b[91m━━━━━━━━━━━━━━━━━━━━━━━━━━━━━━━━━━━\u001b[0m\u001b[91m╸\u001b[0m\u001b[90m━━━━\u001b[0m \u001b[32m11.0/12.3 MB\u001b[0m \u001b[31m111.9 MB/s\u001b[0m eta \u001b[36m0:00:01\u001b[0m\r\u001b[2K   \u001b[91m━━━━━━━━━━━━━━━━━━━━━━━━━━━━━━━━━━━━━━━\u001b[0m\u001b[91m╸\u001b[0m \u001b[32m12.3/12.3 MB\u001b[0m \u001b[31m106.3 MB/s\u001b[0m eta \u001b[36m0:00:01\u001b[0m\r\u001b[2K   \u001b[91m━━━━━━━━━━━━━━━━━━━━━━━━━━━━━━━━━━━━━━━\u001b[0m\u001b[91m╸\u001b[0m \u001b[32m12.3/12.3 MB\u001b[0m \u001b[31m106.3 MB/s\u001b[0m eta \u001b[36m0:00:01\u001b[0m\r\u001b[2K   \u001b[90m━━━━━━━━━━━━━━━━━━━━━━━━━━━━━━━━━━━━━━━━\u001b[0m \u001b[32m12.3/12.3 MB\u001b[0m \u001b[31m65.9 MB/s\u001b[0m eta \u001b[36m0:00:00\u001b[0m\r\n"}
,{"stream_name":"stdout","time":32.337486674,"data":"\u001b[?25h\u001b[?25l   \u001b[90m━━━━━━━━━━━━━━━━━━━━━━━━━━━━━━━━━━━━━━━━\u001b[0m \u001b[32m0.0/559.1 kB\u001b[0m \u001b[31m?\u001b[0m eta \u001b[36m-:--:--\u001b[0m\r\u001b[2K   \u001b[90m━━━━━━━━━━━━━━━━━━━━━━━━━━━━━━━━━━━━━━━━\u001b[0m \u001b[32m559.1/559.1 kB\u001b[0m \u001b[31m17.6 MB/s\u001b[0m eta \u001b[36m0:00:00\u001b[0m\r\n"}
,{"stream_name":"stdout","time":32.388669135,"data":"\u001b[?25h\u001b[?25l   \u001b[90m━━━━━━━━━━━━━━━━━━━━━━━━━━━━━━━━━━━━━━━━\u001b[0m \u001b[32m0.0/516.0 kB\u001b[0m \u001b[31m?\u001b[0m eta \u001b[36m-:--:--\u001b[0m\r\u001b[2K   \u001b[90m━━━━━━━━━━━━━━━━━━━━━━━━━━━━━━━━━━━━━━━━\u001b[0m \u001b[32m516.0/516.0 kB\u001b[0m \u001b[31m16.9 MB/s\u001b[0m eta \u001b[36m0:00:00\u001b[0m\r\n"}
,{"stream_name":"stdout","time":32.490048707,"data":"\u001b[?25h\u001b[?25l   \u001b[90m━━━━━━━━━━━━━━━━━━━━━━━━━━━━━━━━━━━━━━━━\u001b[0m \u001b[32m0.0/846.4 kB\u001b[0m \u001b[31m?\u001b[0m eta \u001b[36m-:--:--\u001b[0m\r\u001b[2K   \u001b[90m━━━━━━━━━━━━━━━━━━━━━━━━━━━━━━━━━━━━━━━━\u001b[0m \u001b[32m846.4/846.4 kB\u001b[0m \u001b[31m27.8 MB/s\u001b[0m eta \u001b[36m0:00:00\u001b[0m\r\n"}
,{"stream_name":"stdout","time":33.20482771,"data":"\u001b[?25h\u001b[?25l   \u001b[90m━━━━━━━━━━━━━━━━━━━━━━━━━━━━━━━━━━━━━━━━\u001b[0m \u001b[32m0.0/50.1 MB\u001b[0m \u001b[31m?\u001b[0m eta \u001b[36m-:--:--\u001b[0m\r\u001b[2K   \u001b[91m━\u001b[0m\u001b[91m╸\u001b[0m\u001b[90m━━━━━━━━━━━━━━━━━━━━━━━━━━━━━━━━━━━━━━\u001b[0m \u001b[32m2.0/50.1 MB\u001b[0m \u001b[31m61.0 MB/s\u001b[0m eta \u001b[36m0:00:01\u001b[0m\r\u001b[2K   \u001b[91m━━━━━\u001b[0m\u001b[90m╺\u001b[0m\u001b[90m━━━━━━━━━━━━━━━━━━━━━━━━━━━━━━━━━━\u001b[0m \u001b[32m6.3/50.1 MB\u001b[0m \u001b[31m92.3 MB/s\u001b[0m eta \u001b[36m0:00:01\u001b[0m\r\u001b[2K   \u001b[91m━━━━━━\u001b[0m\u001b[91m╸\u001b[0m\u001b[90m━━━━━━━━━━━━━━━━━━━━━━━━━━━━━━━━━\u001b[0m \u001b[32m8.5/50.1 MB\u001b[0m \u001b[31m82.2 MB/s\u001b[0m eta \u001b[36m0:00:01\u001b[0m\r\u001b[2K   \u001b[91m━━━━━━━━━\u001b[0m\u001b[90m╺\u001b[0m\u001b[90m━━━━━━━━━━━━━━━━━━━━━━━━━━━━━━\u001b[0m \u001b[32m11.7/50.1 MB\u001b[0m \u001b[31m95.2 MB/s\u001b[0m eta \u001b[36m0:00:01\u001b[0m\r\u001b[2K   \u001b[91m━━━━━━━━━━━━\u001b[0m\u001b[91m╸\u001b[0m\u001b[90m━━━━━━━━━━━━━━━━━━━━━━━━━━━\u001b[0m \u001b[32m15.9/50.1 MB\u001b[0m \u001b[31m93.0 MB/s\u001b[0m eta \u001b[36m0:00:01\u001b[0m\r\u001b[2K   \u001b[91m━━━━━━━━━━━━━━━\u001b[0m\u001b[91m╸\u001b[0m\u001b[90m━━━━━━━━━━━━━━━━━━━━━━━━\u001b[0m \u001b[32m20.0/50.1 MB\u001b[0m \u001b[31m105.5 MB/s\u001b[0m eta \u001b[36m0:00:01\u001b[0m\r\u001b[2K   \u001b[91m━━━━━━━━━━━━━━━━━━━\u001b[0m\u001b[90m╺\u001b[0m\u001b[90m━━━━━━━━━━━━━━━━━━━━\u001b[0m \u001b[32m24.2/50.1 MB\u001b[0m \u001b[31m118.0 MB/s\u001b[0m eta \u001b[36m0:00:01\u001b[0m\r\u001b[2K   \u001b[91m━━━━━━━━━━━━━━━━━━━━━━\u001b[0m\u001b[91m╸\u001b[0m\u001b[90m━━━━━━━━━━━━━━━━━\u001b[0m \u001b[32m28.4/50.1 MB\u001b[0m \u001b[31m117.3 MB/s\u001b[0m eta \u001b[36m0:00:01\u001b[0m\r\u001b[2K   \u001b[91m━━━━━━━━━━━━━━━━━━━━━━━━━\u001b[0m\u001b[91m╸\u001b[0m\u001b[90m━━━━━━━━━━━━━━\u001b[0m \u001b[32m32.5/50.1 MB\u001b[0m \u001b[31m116.4 MB/s\u001b[0m eta \u001b[36m0:00:01\u001b[0m\r\u001b[2K   \u001b[91m━━━━━━━━━━━━━━━━━━━━━━━━━━━━━\u001b[0m\u001b[90m╺\u001b[0m\u001b[90m━━━━━━━━━━\u001b[0m \u001b[32m36.7/50.1 MB\u001b[0m \u001b[31m119.1 MB/s\u001b[0m eta \u001b[36m0:00:01\u001b[0m\r\u001b[2K   \u001b[91m━━━━━━━━━━━━━━━━━━━━━━━━━━━━━━━━\u001b[0m\u001b[91m╸\u001b[0m\u001b[90m━━━━━━━\u001b[0m \u001b[32m40.9/50.1 MB\u001b[0m \u001b[31m117.4 MB/s\u001b[0m eta \u001b[36m0:00:01\u001b[0m\r\u001b[2K   \u001b[91m━━━━━━━━━━━━━━━━━━━━━━━━━━━━━━━━━━━━\u001b[0m\u001b[90m╺\u001b[0m\u001b[90m━━━\u001b[0m \u001b[32m45.1/50.1 MB\u001b[0m \u001b[31m119.3 MB/s\u001b[0m eta \u001b[36m0:00:01\u001b[0m\r\u001b[2K   \u001b[91m━━━━━━━━━━━━━━━━━━━━━━━━━━━━━━━━━━━━━━━\u001b[0m\u001b[90m╺\u001b[0m \u001b[32m49.1/50.1 MB\u001b[0m \u001b[31m116.1 MB/s\u001b[0m eta \u001b[36m0:00:01\u001b[0m\r\u001b[2K   \u001b[91m━━━━━━━━━━━━━━━━━━━━━━━━━━━━━━━━━━━━━━━\u001b[0m\u001b[91m╸\u001b[0m \u001b[32m50.1/50.1 MB\u001b[0m \u001b[31m118.5 MB/s\u001b[0m eta \u001b[36m0:00:01\u001b[0m\r\u001b[2K   \u001b[91m━━━━━━━━━━━━━━━━━━━━━━━━━━━━━━━━━━━━━━━\u001b[0m\u001b[91m╸\u001b[0m \u001b[32m50.1/50.1 MB\u001b[0m \u001b[31m118.5 MB/s\u001b[0m eta \u001b[36m0:00:01\u001b[0m\r\u001b[2K   \u001b[91m━━━━━━━━━━━━━━━━━━━━━━━━━━━━━━━━━━━━━━━\u001b[0m\u001b[91m╸\u001b[0m \u001b[32m50.1/50.1 MB\u001b[0m \u001b[31m118.5 MB/s\u001b[0m eta \u001b[36m0:00:01\u001b[0m\r\u001b[2K   \u001b[91m━━━━━━━━━━━━━━━━━━━━━━━━━━━━━━━━━━━━━━━\u001b[0m\u001b[91m╸\u001b[0m \u001b[32m50.1/50.1 MB\u001b[0m \u001b[31m118.5 MB/s\u001b[0m eta \u001b[36m0:00:01\u001b[0m\r\u001b[2K   \u001b[91m━━━━━━━━━━━━━━━━━━━━━━━━━━━━━━━━━━━━━━━\u001b[0m\u001b[91m╸\u001b[0m \u001b[32m50.1/50.1 MB\u001b[0m \u001b[31m118.5 MB/s\u001b[0m eta \u001b[36m0:00:01\u001b[0m\r\u001b[2K   \u001b[91m━━━━━━━━━━━━━━━━━━━━━━━━━━━━━━━━━━━━━━━\u001b[0m\u001b[91m╸\u001b[0m \u001b[32m50.1/50.1 MB\u001b[0m \u001b[31m118.5 MB/s\u001b[0m eta \u001b[36m0:00:01\u001b[0m\r\u001b[2K   \u001b[90m━━━━━━━━━━━━━━━━━━━━━━━━━━━━━━━━━━━━━━━━\u001b[0m \u001b[32m50.1/50.1 MB\u001b[0m \u001b[31m32.4 MB/s\u001b[0m eta \u001b[36m0:00:00\u001b[0m\r\n"}
,{"stream_name":"stdout","time":33.35729965,"data":"\u001b[?25h\u001b[?25l   \u001b[90m━━━━━━━━━━━━━━━━━━━━━━━━━━━━━━━━━━━━━━━━\u001b[0m \u001b[32m0.0/10.8 MB\u001b[0m \u001b[31m?\u001b[0m eta \u001b[36m-:--:--\u001b[0m\r\u001b[2K   \u001b[91m━━━━━━━━━━━━━━━\u001b[0m\u001b[91m╸\u001b[0m\u001b[90m━━━━━━━━━━━━━━━━━━━━━━━━\u001b[0m \u001b[32m4.2/10.8 MB\u001b[0m \u001b[31m128.4 MB/s\u001b[0m eta \u001b[36m0:00:01\u001b[0m\r\u001b[2K   \u001b[91m━━━━━━━━━━━━━━━━━━━━━━━━━━━━━━━\u001b[0m\u001b[90m╺\u001b[0m\u001b[90m━━━━━━━━\u001b[0m \u001b[32m8.5/10.8 MB\u001b[0m \u001b[31m125.0 MB/s\u001b[0m eta \u001b[36m0:00:01\u001b[0m\r\u001b[2K   \u001b[91m━━━━━━━━━━━━━━━━━━━━━━━━━━━━━━━━━━━━━━━\u001b[0m\u001b[91m╸\u001b[0m \u001b[32m10.8/10.8 MB\u001b[0m \u001b[31m119.1 MB/s\u001b[0m eta \u001b[36m0:00:01\u001b[0m\r\u001b[2K   \u001b[91m━━━━━━━━━━━━━━━━━━━━━━━━━━━━━━━━━━━━━━━\u001b[0m\u001b[91m╸\u001b[0m \u001b[32m10.8/10.8 MB\u001b[0m \u001b[31m119.1 MB/s\u001b[0m eta \u001b[36m0:00:01\u001b[0m\r\u001b[2K   \u001b[90m━━━━━━━━━━━━━━━━━━━━━━━━━━━━━━━━━━━━━━━━\u001b[0m \u001b[32m10.8/10.8 MB\u001b[0m \u001b[31m67.4 MB/s\u001b[0m eta \u001b[36m0:00:00\u001b[0m\r\n"}
,{"stream_name":"stdout","time":33.866837697,"data":"\u001b[?25h\u001b[?25l   \u001b[90m━━━━━━━━━━━━━━━━━━━━━━━━━━━━━━━━━━━━━━━━\u001b[0m \u001b[32m0.0/35.3 MB\u001b[0m \u001b[31m?\u001b[0m eta \u001b[36m-:--:--\u001b[0m\r\u001b[2K   \u001b[91m━━━━\u001b[0m\u001b[91m╸\u001b[0m\u001b[90m━━━━━━━━━━━━━━━━━━━━━━━━━━━━━━━━━━━\u001b[0m \u001b[32m4.2/35.3 MB\u001b[0m \u001b[31m126.7 MB/s\u001b[0m eta \u001b[36m0:00:01\u001b[0m\r\u001b[2K   \u001b[91m━━━━━━━━━\u001b[0m\u001b[91m╸\u001b[0m\u001b[90m━━━━━━━━━━━━━━━━━━━━━━━━━━━━━━\u001b[0m \u001b[32m8.4/35.3 MB\u001b[0m \u001b[31m122.5 MB/s\u001b[0m eta \u001b[36m0:00:01\u001b[0m\r\u001b[2K   \u001b[91m━━━━━━━━━━━━━━\u001b[0m\u001b[90m╺\u001b[0m\u001b[90m━━━━━━━━━━━━━━━━━━━━━━━━━\u001b[0m \u001b[32m12.7/35.3 MB\u001b[0m \u001b[31m114.8 MB/s\u001b[0m eta \u001b[36m0:00:01\u001b[0m\r\u001b[2K   \u001b[91m━━━━━━━━━━━━━━━━━━━\u001b[0m\u001b[90m╺\u001b[0m\u001b[90m━━━━━━━━━━━━━━━━━━━━\u001b[0m \u001b[32m17.0/35.3 MB\u001b[0m \u001b[31m120.3 MB/s\u001b[0m eta \u001b[36m0:00:01\u001b[0m\r\u001b[2K   \u001b[91m━━━━━━━━━━━━━━━━━━━━━━━━\u001b[0m\u001b[90m╺\u001b[0m\u001b[90m━━━━━━━━━━━━━━━\u001b[0m \u001b[32m21.2/35.3 MB\u001b[0m \u001b[31m121.0 MB/s\u001b[0m eta \u001b[36m0:00:01\u001b[0m\r\u001b[2K   \u001b[91m━━━━━━━━━━━━━━━━━━━━━━━━━━━━\u001b[0m\u001b[91m╸\u001b[0m\u001b[90m━━━━━━━━━━━\u001b[0m \u001b[32m25.5/35.3 MB\u001b[0m \u001b[31m121.2 MB/s\u001b[0m eta \u001b[36m0:00:01\u001b[0m\r\u001b[2K   \u001b[91m━━━━━━━━━━━━━━━━━━━━━━━━━━━━━━━━━\u001b[0m\u001b[91m╸\u001b[0m\u001b[90m━━━━━━\u001b[0m \u001b[32m29.8/35.3 MB\u001b[0m \u001b[31m120.9 MB/s\u001b[0m eta \u001b[36m0:00:01\u001b[0m\r\u001b[2K   \u001b[91m━━━━━━━━━━━━━━━━━━━━━━━━━━━━━━━━━━━━━━\u001b[0m\u001b[91m╸\u001b[0m\u001b[90m━\u001b[0m \u001b[32m34.1/35.3 MB\u001b[0m \u001b[31m120.6 MB/s\u001b[0m eta \u001b[36m0:00:01\u001b[0m\r\u001b[2K   \u001b[91m━━━━━━━━━━━━━━━━━━━━━━━━━━━━━━━━━━━━━━━\u001b[0m\u001b[91m╸\u001b[0m \u001b[32m35.3/35.3 MB\u001b[0m \u001b[31m119.7 MB/s\u001b[0m eta \u001b[36m0:00:01\u001b[0m\r\u001b[2K   \u001b[91m━━━━━━━━━━━━━━━━━━━━━━━━━━━━━━━━━━━━━━━\u001b[0m\u001b[91m╸\u001b[0m \u001b[32m35.3/35.3 MB\u001b[0m \u001b[31m119.7 MB/s\u001b[0m eta \u001b[36m0:00:01\u001b[0m\r\u001b[2K   \u001b[91m━━━━━━━━━━━━━━━━━━━━━━━━━━━━━━━━━━━━━━━\u001b[0m\u001b[91m╸\u001b[0m \u001b[32m35.3/35.3 MB\u001b[0m \u001b[31m119.7 MB/s\u001b[0m eta \u001b[36m0:00:01\u001b[0m\r\u001b[2K   \u001b[91m━━━━━━━━━━━━━━━━━━━━━━━━━━━━━━━━━━━━━━━\u001b[0m\u001b[91m╸\u001b[0m \u001b[32m35.3/35.3 MB\u001b[0m \u001b[31m119.7 MB/s\u001b[0m eta \u001b[36m0:00:01\u001b[0m\r\u001b[2K   \u001b[90m━━━━━━━━━━━━━━━━━━━━━━━━━━━━━━━━━━━━━━━━\u001b[0m \u001b[32m35.3/35.3 MB\u001b[0m \u001b[31m45.1 MB/s\u001b[0m eta \u001b[36m0:00:00\u001b[0m\r\n"}
,{"stream_name":"stdout","time":33.917524826,"data":"\u001b[?25h\u001b[?25l   \u001b[90m━━━━━━━━━━━━━━━━━━━━━━━━━━━━━━━━━━━━━━━━\u001b[0m \u001b[32m0.0/394.3 kB\u001b[0m \u001b[31m?\u001b[0m eta \u001b[36m-:--:--\u001b[0m\r\u001b[2K   \u001b[90m━━━━━━━━━━━━━━━━━━━━━━━━━━━━━━━━━━━━━━━━\u001b[0m \u001b[32m394.3/394.3 kB\u001b[0m \u001b[31m13.8 MB/s\u001b[0m eta \u001b[36m0:00:00\u001b[0m\r\n"}
,{"stream_name":"stdout","time":34.019033113,"data":"\u001b[?25h\u001b[?25l   \u001b[90m━━━━━━━━━━━━━━━━━━━━━━━━━━━━━━━━━━━━━━━━\u001b[0m \u001b[32m0.0/125.3 kB\u001b[0m \u001b[31m?\u001b[0m eta \u001b[36m-:--:--\u001b[0m\r\u001b[2K   \u001b[90m━━━━━━━━━━━━━━━━━━━━━━━━━━━━━━━━━━━━━━━━\u001b[0m \u001b[32m125.3/125.3 kB\u001b[0m \u001b[31m5.5 MB/s\u001b[0m eta \u001b[36m0:00:00\u001b[0m\r\n"}
,{"stream_name":"stdout","time":34.122629488,"data":"\u001b[?25h\u001b[?25l   \u001b[90m━━━━━━━━━━━━━━━━━━━━━━━━━━━━━━━━━━━━━━━━\u001b[0m \u001b[32m0.0/4.5 MB\u001b[0m \u001b[31m?\u001b[0m eta \u001b[36m-:--:--\u001b[0m\r\u001b[2K   \u001b[91m━━━━━━━━━━\u001b[0m\u001b[91m╸\u001b[0m\u001b[90m━━━━━━━━━━━━━━━━━━━━━━━━━━━━━\u001b[0m \u001b[32m1.2/4.5 MB\u001b[0m \u001b[31m35.8 MB/s\u001b[0m eta \u001b[36m0:00:01\u001b[0m\r\u001b[2K   \u001b[91m━━━━━━━━━━━━━━━━━━━━━━━━━━━━━━━━━━━━━━━\u001b[0m\u001b[91m╸\u001b[0m \u001b[32m4.5/4.5 MB\u001b[0m \u001b[31m77.5 MB/s\u001b[0m eta \u001b[36m0:00:01\u001b[0m\r\u001b[2K   \u001b[90m━━━━━━━━━━━━━━━━━━━━━━━━━━━━━━━━━━━━━━━━\u001b[0m \u001b[32m4.5/4.5 MB\u001b[0m \u001b[31m48.1 MB/s\u001b[0m eta \u001b[36m0:00:00\u001b[0m\r\n"}
,{"stream_name":"stdout","time":34.223817626,"data":"\u001b[?25h\u001b[?25l   \u001b[90m━━━━━━━━━━━━━━━━━━━━━━━━━━━━━━━━━━━━━━━━\u001b[0m \u001b[32m0.0/3.4 MB\u001b[0m \u001b[31m?\u001b[0m eta \u001b[36m-:--:--\u001b[0m\r\u001b[2K   \u001b[91m━━━━━━━━━━━━━━━━━━━━━━━━━━━━━━━━━━━━━\u001b[0m\u001b[90m╺\u001b[0m\u001b[90m━━\u001b[0m \u001b[32m3.2/3.4 MB\u001b[0m \u001b[31m94.0 MB/s\u001b[0m eta \u001b[36m0:00:01\u001b[0m\r\u001b[2K   \u001b[90m━━━━━━━━━━━━━━━━━━━━━━━━━━━━━━━━━━━━━━━━\u001b[0m \u001b[32m3.4/3.4 MB\u001b[0m \u001b[31m52.8 MB/s\u001b[0m eta \u001b[36m0:00:00\u001b[0m\r\n"}
,{"stream_name":"stdout","time":78.643881573,"data":"\u001b[?25h\u001b[31mERROR: pip's dependency resolver does not currently take into account all the packages that are installed. This behaviour is the source of the following dependency conflicts.\r\n"}
,{"stream_name":"stdout","time":78.643934523,"data":"bigframes 2.39.0 requires google-cloud-bigquery-storage\u003c3.0.0,\u003e=2.30.0, which is not installed.\r\n"}
,{"stream_name":"stdout","time":78.643940259,"data":"google-adk 1.29.0 requires google-cloud-bigquery-storage\u003e=2.0.0, which is not installed.\r\n"}
,{"stream_name":"stdout","time":78.643943927,"data":"ydata-profiling 4.18.4 requires pandas!=1.4.0,\u003c3.0,\u003e1.5, but you have pandas 3.0.6 which is incompatible.\r\n"}
,{"stream_name":"stdout","time":78.643947575,"data":"ydata-profiling 4.18.4 requires scipy\u003c1.17,\u003e=1.8, but you have scipy 1.18.1 which is incompatible.\r\n"}
,{"stream_name":"stdout","time":78.64395104,"data":"google-colab 1.0.0 requires jupyter-server==2.14.0, but you have jupyter-server 2.12.5 which is incompatible.\r\n"}
,{"stream_name":"stdout","time":78.643954398,"data":"google-colab 1.0.0 requires pandas==2.2.2, but you have pandas 3.0.6 which is incompatible.\r\n"}
,{"stream_name":"stdout","time":78.643957718,"data":"dopamine-rl 4.1.2 requires gym\u003c=0.25.2, but you have gym 0.26.2 which is incompatible.\r\n"}
,{"stream_name":"stdout","time":78.643961287,"data":"bqplot 0.12.45 requires pandas\u003c3.0.0,\u003e=1.0.0, but you have pandas 3.0.6 which is incompatible.\r\n"}
,{"stream_name":"stdout","time":78.643973241,"data":"cudf-cu12 26.2.1 requires pandas\u003c2.4.0,\u003e=2.0, but you have pandas 3.0.6 which is incompatible.\r\n"}
,{"stream_name":"stdout","time":78.643976063,"data":"dask-cudf-cu12 26.2.1 requires pandas\u003c2.4.0,\u003e=2.0, but you have pandas 3.0.6 which is incompatible.\r\n"}
,{"stream_name":"stdout","time":78.643978593,"data":"db-dtypes 1.5.1 requires pandas\u003c3.0.0,\u003e=1.5.3, but you have pandas 3.0.6 which is incompatible.\r\n"}
,{"stream_name":"stdout","time":78.643981206,"data":"gradio 5.50.0 requires pandas\u003c3.0,\u003e=1.0, but you have pandas 3.0.6 which is incompatible.\u001b[0m\u001b[31m\r\n"}
,{"stream_name":"stdout","time":102.899785363,"data":"\u001b[0mlaya 0.3.20 | transformers 5.17.0 | torch 2.10.0+cu128\n"}
,{"stream_name":"stdout","time":112.157726777,"data":"DATA_DIR: /kaggle/input/datasets/bhishmbhandari/laya-nepali-v1\n"}
,{"stream_name":"stderr","time":112.34529684500001,"data":"Warning: You are sending unauthenticated requests to the HF Hub. Please set a HF_TOKEN to enable higher rate limits and faster downloads.\n"}
,{"stream_name":"stderr","time":112.345330759,"data":"\n"}
,{"stream_name":"stderr","time":112.345337303,"data":"Warning: You are sending unauthenticated requests to the HF Hub. Please set a HF_TOKEN to enable higher rate limits and faster downloads.\n"}
,{"stream_name":"stdout","time":208.44682886,"data":"snapshot: /root/.cache/huggingface/hub/models--convaiinnovations--laya/snapshots/55cf4c4ebb4ebe31b2550e8bdf3bd21b99753851\n"}
,{"stream_name":"stdout","time":208.446890633,"data":"config  : {'max_len': 1024, 'head_max_len': 256, 'temperature': [1.0, 1.0, 1.0], 'model_name': 'rl-agent'}\n"}
,{"stream_name":"stdout","time":208.669984361,"data":"train rows 900 | calibration rows 170\n"}
,{"stream_name":"stdout","time":213.507490354,"data":"train items 4500 | calibration items 850\n"}
,{"stream_name":"stdout","time":213.89113514,"data":"Writing /kaggle/working/train_ddp.py\n"}
,{"stream_name":"stdout","time":214.003977292,"data":"executing: torchrun --standalone --nproc_per_node=2 /kaggle/working/train_ddp.py /root/.cache/huggingface/hub/models--convaiinnovations--laya/snapshots/55cf4c4ebb4ebe31b2550e8bdf3bd21b99753851/multilingual /kaggle/working/laya_nepali\n"}
,{"stream_name":"stdout","time":215.987252583,"data":"W0925 20:42:40.922000 148 torch/distributed/run.py:852] \r\n"}
,{"stream_name":"stdout","time":215.987282834,"data":"W0925 20:42:40.922000 148 torch/distributed/run.py:852] *****************************************\r\n"}
,{"stream_name":"stdout","time":215.987291177,"data":"W0925 20:42:40.922000 148 torch/distributed/run.py:852] Setting OMP_NUM_THREADS environment variable for each process to be 1 in default, to avoid your system being overloaded, please further tune the variable for optimal performance in your application as needed. \r\n"}
,{"stream_name":"stdout","time":215.987299295,"data":"W0925 20:42:40.922000 148 torch/distributed/run.py:852] *****************************************\r\n"}
,{"stream_name":"stdout","time":216.190329148,"data":"[W925 20:42:41.380188555 socket.cpp:207] [c10d] The hostname of the client socket cannot be retrieved. err=-3\r\n"}
,{"stream_name":"stdout","time":224.413541213,"data":"[W925 20:42:49.610458057 socket.cpp:207] [c10d] The hostname of the client socket cannot be retrieved. err=-3\r\n"}
,{"stream_name":"stdout","time":224.464051206,"data":"[W925 20:42:49.665453355 socket.cpp:207] [c10d] The hostname of the client socket cannot be retrieved. err=-3\r\n"}
,{"stream_name":"stdout","time":239.229570634,"data":"train items 4500 | calibration 850 | per rank 2250\r\n"}
,{"stream_name":"stdout","time":241.006539504,"data":"[rank1]:[W925 20:43:05.225179165 reducer.cpp:1500] Warning: find_unused_parameters=True was specified in DDP constructor, but did not find any unused parameters in the forward pass. This flag results in an extra traversal of the autograd graph every iteration,  which can adversely affect performance. If your model indeed never has any unused parameters in the forward pass, consider turning this flag off. Note that this warning may be a false positive if your model has flow control causing later iterations to have unused parameters. (function operator())\r\n"}
,{"stream_name":"stdout","time":241.006616077,"data":"[rank0]:[W925 20:43:05.225227363 reducer.cpp:1500] Warning: find_unused_parameters=True was specified in DDP constructor, but did not find any unused parameters in the forward pass. This flag results in an extra traversal of the autograd graph every iteration,  which can adversely affect performance. If your model indeed never has any unused parameters in the forward pass, consider turning this flag off. Note that this warning may be a false positive if your model has flow control causing later iterations to have unused parameters. (function operator())\r\n"}
,{"stream_name":"stdout","time":244.307085967,"data":"/kaggle/working/train_ddp.py:163: UserWarning: Detected call of `lr_scheduler.step()` before `optimizer.step()`. In PyTorch 1.1.0 and later, you should call them in the opposite order: `optimizer.step()` before `lr_scheduler.step()`.  Failure to do this will result in PyTorch skipping the first value of the learning rate schedule. See more details at https://pytorch.org/docs/stable/optim.html#how-to-adjust-learning-rate\r\n"}
,{"stream_name":"stdout","time":244.307116625,"data":"  scheduler.step()\r\n"}
,{"stream_name":"stdout","time":244.307121722,"data":"/kaggle/working/train_ddp.py:163: UserWarning: Detected call of `lr_scheduler.step()` before `optimizer.step()`. In PyTorch 1.1.0 and later, you should call them in the opposite order: `optimizer.step()` before `lr_scheduler.step()`.  Failure to do this will result in PyTorch skipping the first value of the learning rate schedule. See more details at https://pytorch.org/docs/stable/optim.html#how-to-adjust-learning-rate\r\n"}
,{"stream_name":"stdout","time":244.307126448,"data":"  scheduler.step()\r\n"}
,{"stream_name":"stdout","time":276.292586829,"data":"  epoch 1/4 step 50 loss 0.3944 reward 0.201\r\n"}
,{"stream_name":"stdout","time":312.213338117,"data":"  epoch 1/4 step 100 loss 0.3328 reward -0.238\r\n"}
,{"stream_name":"stdout","time":349.089267185,"data":"  epoch 1/4 step 150 loss 0.2355 reward -0.027\r\n"}
,{"stream_name":"stdout","time":386.623128714,"data":"  epoch 1/4 step 200 loss -0.4886 reward -0.099\r\n"}
,{"stream_name":"stdout","time":423.943056132,"data":"  epoch 1/4 step 250 loss 0.3137 reward 0.150\r\n"}
,{"stream_name":"stdout","time":447.657983844,"data":"=== epoch 1/4 done in 208.5s | avg loss 0.7571 ===\r\n"}
,{"stream_name":"stdout","time":447.658043824,"data":"/usr/local/lib/python3.12/dist-packages/torch/distributed/c10d_logger.py:83: UserWarning: barrier(): using the device under current context. You can specify `device_id` in `init_process_group` to mute this warning.\r\n"}
,{"stream_name":"stdout","time":447.658052864,"data":"  return func(*args, **kwargs)\r\n"}
,{"stream_name":"stdout","time":449.128770076,"data":"  saved rolling checkpoint (epoch 1)\r\n"}
,{"stream_name":"stdout","time":486.645760518,"data":"  epoch 2/4 step 50 loss 0.7001 reward 0.041\r\n"}
,{"stream_name":"stdout","time":524.070942322,"data":"  epoch 2/4 step 100 loss 0.1950 reward 0.288\r\n"}
,{"stream_name":"stdout","time":561.740925192,"data":"  epoch 2/4 step 150 loss 0.3284 reward 0.319\r\n"}
,{"stream_name":"stdout","time":598.984467479,"data":"  epoch 2/4 step 200 loss 0.0433 reward 0.226\r\n"}
,{"stream_name":"stdout","time":636.618454467,"data":"  epoch 2/4 step 250 loss 0.2309 reward -0.254\r\n"}
,{"stream_name":"stdout","time":660.424758296,"data":"=== epoch 2/4 done in 421.2s | avg loss 0.2075 ===\r\n"}
,{"stream_name":"stdout","time":662.609695113,"data":"  saved rolling checkpoint (epoch 2)\r\n"}
,{"stream_name":"stdout","time":700.368007544,"data":"  epoch 3/4 step 50 loss 0.4906 reward 0.260\r\n"}
,{"stream_name":"stdout","time":737.918064018,"data":"  epoch 3/4 step 100 loss 0.3886 reward 0.384\r\n"}
,{"stream_name":"stdout","time":775.662529854,"data":"  epoch 3/4 step 150 loss -0.1652 reward 0.323\r\n"}
,{"stream_name":"stdout","time":813.368669625,"data":"  epoch 3/4 step 200 loss -0.5911 reward 0.327\r\n"}
,{"stream_name":"stdout","time":850.65140669,"data":"  epoch 3/4 step 250 loss -0.2091 reward 0.291\r\n"}
,{"stream_name":"stdout","time":874.351497756,"data":"=== epoch 3/4 done in 635.1s | avg loss 0.1062 ===\r\n"}
,{"stream_name":"stdout","time":876.125278981,"data":"  saved rolling checkpoint (epoch 3)\r\n"}
,{"stream_name":"stdout","time":913.624178086,"data":"  epoch 4/4 step 50 loss 0.0826 reward 0.364\r\n"}
,{"stream_name":"stdout","time":951.571653373,"data":"  epoch 4/4 step 100 loss -0.2216 reward 0.425\r\n"}
,{"stream_name":"stdout","time":988.885940544,"data":"  epoch 4/4 step 150 loss 0.6207 reward 0.315\r\n"}
,{"stream_name":"stdout","time":1026.530046351,"data":"  epoch 4/4 step 200 loss 0.1357 reward 0.321\r\n"}
,{"stream_name":"stdout","time":1063.964146422,"data":"  epoch 4/4 step 250 loss 0.1663 reward 0.412\r\n"}
,{"stream_name":"stdout","time":1087.528048777,"data":"=== epoch 4/4 done in 848.3s | avg loss 0.1533 ===\r\n"}
,{"stream_name":"stdout","time":1089.353302001,"data":"  saved rolling checkpoint (epoch 4)\r\n"}
,{"stream_name":"stdout","time":1089.353339132,"data":"\r\n"}
,{"stream_name":"stdout","time":1089.353344873,"data":"fitting calibration temperatures on the held-out split...\r\n"}
,{"stream_name":"stdout","time":1104.178389723,"data":"fitted temperatures (choice, score, noul): [1.098, 1.2, 1.076]\r\n"}
,{"stream_name":"stdout","time":1105.389511087,"data":"model saved to /kaggle/working/laya_nepali\r\n"}
,{"stream_name":"stdout","time":1125.358407772,"data":"benchmark v2: 198/272 (72.8%)\n"}
,{"stream_name":"stdout","time":1125.358474016,"data":"abstain: 80/92 | safety false commands: 12\n"}
,{"stream_name":"stdout","time":1125.358483812,"data":"latency p50 29.5 ms | p95 32.0 ms\n"}
,{"stream_name":"stdout","time":1125.35849058,"data":"ECE (answered): 0.1164\n"}
,{"stream_name":"stdout","time":1125.358497483,"data":"  abstain                       80/92  fp 12\n"}
,{"stream_name":"stdout","time":1125.358503783,"data":"  discovery.query               16/36  fp 3\n"}
,{"stream_name":"stdout","time":1125.358509792,"data":"  discovery.recommend            7/12  fp 0\n"}
,{"stream_name":"stdout","time":1125.358515735,"data":"  discovery.show_menu            9/12  fp 3\n"}
,{"stream_name":"stdout","time":1125.358520809,"data":"  fulfillment.ask_delivery       5/12  fp 1\n"}
,{"stream_name":"stdout","time":1125.35852664,"data":"  fulfillment.ask_hours         12/12  fp 0\n"}
,{"stream_name":"stdout","time":1125.358532749,"data":"  fulfillment.order_status       5/12  fp 6\n"}
,{"stream_name":"stdout","time":1125.358537476,"data":"  ordering.repeat_order         10/12  fp 1\n"}
,{"stream_name":"stdout","time":1125.358542617,"data":"  ordering.request_checkout     12/12  fp 0\n"}
,{"stream_name":"stdout","time":1125.358548023,"data":"  ordering.use_saved_address    11/12  fp 0\n"}
,{"stream_name":"stdout","time":1125.358553532,"data":"  ordering.view_cart             8/12  fp 4\n"}
,{"stream_name":"stdout","time":1125.358559026,"data":"  social.goodbye                 3/12  fp 3\n"}
,{"stream_name":"stdout","time":1125.358580063,"data":"  social.greet                  12/12  fp 0\n"}
,{"stream_name":"stdout","time":1125.35858578,"data":"  social.thanks                  8/12  fp 0\n"}
,{"stream_name":"stdout","time":1125.469955755,"data":"HF_TOKEN secret not set; skipping publish.\n"}
,{"stream_name":"stderr","time":1130.35723327,"data":"/usr/local/lib/python3.12/dist-packages/mistune.py:435: SyntaxWarning: invalid escape sequence '\\|'\n"}
,{"stream_name":"stderr","time":1130.35727821,"data":"  cells[i][c] = re.sub('\\\\\\\\\\|', '|', cell)\n"}
,{"stream_name":"stderr","time":1130.580141537,"data":"/usr/local/lib/python3.12/dist-packages/nbconvert/filters/filter_links.py:36: SyntaxWarning: invalid escape sequence '\\_'\n"}
,{"stream_name":"stderr","time":1130.580185542,"data":"  text = re.sub(r'_', '\\_', text) # Escape underscores in display text\n"}
,{"stream_name":"stderr","time":1131.321015603,"data":"[NbConvertApp] Converting notebook __notebook__.ipynb to notebook\n"}
,{"stream_name":"stderr","time":1131.650428114,"data":"[NbConvertApp] Writing 81914 bytes to __notebook__.ipynb\n"}
,{"stream_name":"stderr","time":1134.040964193,"data":"[NbConvertApp] Converting notebook __notebook__.ipynb to html\n"}
,{"stream_name":"stderr","time":1134.990118715,"data":"[NbConvertApp] Writing 433383 bytes to __results__.html\n"}
]